2016/05/29 23:40:18 [D] Hello [100]
2016/05/29 23:40:26 [D] Hello [100]
2016/05/29 23:41:43 [D] Hello [100]
2016/05/29 23:43:13 [D] Hello [/v1/user/login]
2016/05/29 23:43:37 [D] Hello [/v1/test/]
2016/05/29 23:44:15 [D] Hello [/v1/test/]
